// Jest Snapshot v1, https://goo.gl/fbAQLP

exports[`<MinistrySelector /> Sample MinistrySelector 1`] = `
<RCTScrollView
  horizontal={true}
  showsHorizontalScrollIndicator={false}
>
  <View>
    <View
      style={
        Object {
          "flex": 1,
          "flexDirection": "row",
          "justifyContent": "center",
        }
      }
    />
  </View>
</RCTScrollView>
`;
