// Jest Snapshot v1, https://goo.gl/fbAQLP

exports[`<CustomIconButton /> Sample CustomIconButton 1`] = `
<View
  accessible={true}
  focusable={true}
  onClick={[Function]}
  onResponderGrant={[Function]}
  onResponderMove={[Function]}
  onResponderRelease={[Function]}
  onResponderTerminate={[Function]}
  onResponderTerminationRequest={[Function]}
  onStartShouldSetResponder={[Function]}
  style={
    Object {
      "alignItems": "center",
      "backgroundColor": "#d7dbd8",
      "borderColor": "#153d37",
      "borderRadius": 20,
      "borderWidth": 0,
      "elevation": 2,
      "flex": 1,
      "marginHorizontal": 5,
      "padding": 0,
      "width": 130,
    }
  }
>
  <View
    style={
      Object {
        "alignItems": "center",
        "backgroundColor": "#d7dbd8",
        "borderColor": "#153d37",
        "borderRadius": 20,
        "borderWidth": 1,
        "elevation": 2,
        "flex": 1,
        "marginHorizontal": 5,
        "padding": 10,
        "width": 130,
      }
    }
  >
    <Text />
    <Text
      style={
        Object {
          "color": "#153d37",
          "fontSize": 17,
          "fontWeight": "bold",
        }
      }
    >
      Sample
    </Text>
  </View>
</View>
`;
